smiles
CC(C)n(c1c2CN(Cc3cn(C)nc3C)CC1)nc2-c1ncc(C)o1
C=CCN1C(SCc2nc(cccc3)c3[nH]2)=Nc(cccc2)c2C1=O
COc1ccc(Cn2c(C(O)=O)c(CNC3CCCC3)c3c2cccc3)cc1
O=C(CCc1ccc(CC(CC2)CCN2C(c2cscc2)=O)cc1)NC1CC1
Cc1nc(CCC2)c2c(N2CC(CN(C(C=C3)=O)N=C3c3ccncc3)C2)n1
CC(C1)OC(C)CN1c1nc(Nc2cc(OC)ccc2)c(cnn2C)c2n1
CCc1nc(COC([C@@H]2C[C@@H](C3)C=CC[C@@H]3C2)=O)cs1
CC(C)NC(c1c(CC(CNc2ncnc(C)c2)CC2)n2nc1)=O
COCc(cccc1)c1NC(C(C1)c(cccc2)c2NC1=O)=O
Cc(cc1)cc2c1oc(-c1cccc(N(C(c3cccnc33)=O)C3=O)c1)n2
Cc1cccc(C(CNC(C2(CC3)CCC3CC2)=O)N2CCOCC2)c1
Cc1c(C(N(Cc(cccc2)c2Cl)C(CC2)CS2(=O)=O)=O)oc2c1cccc2
O=C(CN(CC1)CCC1Oc1nccs1)NCc1ccco1
CC(C(CC1)N2CCCC2)N1C(Cc1cncn1Cc1ccccc1)=O
CC(CNC(c1cnc(C)cc1)=O)(C(O)=O)O
Cc1cc(C(NCCc2nc(-c(cc3)ccc3Cl)n[nH]2)=O)cc(F)c1
Cc(n(C)nc1)c1C(N(CC1)CC=C1c1cc(C)ccc1)=O
O=C(c(cc1)cnc1OCC1OCCC1)NCCc1cccs1
Cc(nc1)cnc1C(NC(CC1C(O)=O)c2c1cccc2)=O
CCC(C)NC(CSC(N(CCCC(NC1CCCCC1)=O)C1=O)=Nc2c1sc1c2cccc1)=O
O=C(C[C@@H]1CNCC1)NS(c1c2OCCc2cc(Cl)c1)(=O)=O
CC(c1nc(C(F)(F)F)cs1)NC(C(CC(C1)O)N1C(Cc(cccc1)c1F)=O)=O
CC(C(Nc(cc1)cc(Cl)c1Cl)=O)N(CC1)CC1c1nc(C)no1
Cc1nc(SCCn2c(N3CCN(C)CC3)nc(N(C)C(N3C)=O)c2C3=O)nc(C)c1
Cc1cnc(CC2CN(Cc3c(C)ncs3)CCC2)n1Cc(cc1)ccc1F
CC1(CC1)C(N1C(CCc2noc(-c3ncccc3)n2)CCC1)=O
CC(c1ccccc1)NC(C1=Cc(cc(cc2)Br)c2OC1=O)=O
CCc1noc(-c2ccc(CCNC(NC3CC(C)(C)NC(C)(C)C3)=O)cc2)n1
CCOc(cc1)ccc1N(C(C(C12)C(C3C(N4c(cc5)ccc5OCC)=O)C=CC2C3C4=O)=O)C1=O
O=C([C@H](C[C@@H](C1)Oc2cnccc2)N1S(c1cnccc1)(=O)=O)NC1CC1
CC(Cn1nnc(C(c2ccc(C(F)(F)F)cc2)=O)c1)O
O=C(C(CC1)CCN1C(Nc1cccs1)=O)NCc(cccc1)c1Cl
CC(CN(CC1)S(c2ccc(-c3cc(C)no3)s2)(=O)=O)N1c1cc(C)ccc1
CCc(c(OC)c1)cc(-c2n[nH]c(C)c2-c(cc2)cc3c2OCCO3)c1O
O=C(c(cc(cc1)F)c1F)NC(c1nnc(N2CCCC2)o1)c1ccccc1
CC(CCC1)CN1C(CCn1c(C(N(C)C(N2C)=O)=O)c2nc1)=O
CN(C)S(c(cc1)cc(NC(c2cc(Cl)c[nH]2)=O)c1O)(=O)=O
Cc1c(C(N(CC2)CCN2c2nc3ccccc3nc2-c2ccccc2)=O)oc2c1cccc2
CC(NCc(cc1)ccc1C(N(CCC1)C1C(Nc1cnc(C(F)(F)F)cc1)=O)=O)=O
O=C(CCc(cc1)cc(C2)c1OCCN2C(Nc(cc1)cc2c1OCCO2)=O)NC1CC1
CC(c(cc1)ccc1NC(C1CC1)=O)NC(C1=CC(C(F)(F)F)=CNC1=O)=O
Cc1cc(-c2cc(-c3nc(-c4cnc5n4ccnc5)no3)c(c(C)no3)c3n2)c(C)o1
CCC(CC(C)C1)N1c1nnc(COc(cc2)ccc2F)n1C
OC(Cn1c(cccc2)c2nc1)COc1ccc(cc(cc2)Br)c2c1
Cc1nn(C)c(CN(CC2)CCC2(CC2CC2)c2noc(C3CCOCC3)n2)c1
COCCN(C(CNC(c1n[nH]c-2c1COc1c2cccc1)=O)Cn1c2ccc1)C2=O
OCc1cc(C(NC2C3(CCCCC3)OCC2)=O)no1
O=S(Cc(cccc1)c1Cl)(N(Cc1cscc1)Cc1ncccc1)=O
Cc1noc(C2C(C3)(CN3C3CCCC3)CN(Cc3ccccc3)C2)n1
CC(C)N1c2ncccc2OC(C)(C(NCc2cc(OC)ccc2)=O)C1=O
COC(c1cc(oc(C(N([C@H](CC2)C3)[C@@H]2C[C@H]3O)=O)c2)c2[nH]1)=O
CC(CC(NC1CCCCC1)=O)S(c(cc1OC2)c(C)cc1NC2=O)(=O)=O
COCc1cc(N(CC2)CCN2c(cccc2)c2Cl)nc(SCc2ccc(C(NCC3OCCC3)=O)o2)n1
O=C(c1cc(F)cnc1Cl)N(C1)C[C@@H]2[C@H]1CCCC2
O=C(C(CC1)Cc2c1sc(C(N1CCCCC1)=O)c2)N(CC1)CCN1c1ncccc1
COc1cccc(C(N2C(SCc3cc(C(F)(F)F)ccc3)=NCC2)=O)c1OC
O=C(c(cc1)cc(-n2nnc(-c3ccccc3)c2N2)c1C2=O)N(CC1)CCN1c1ncccc1
O=C(Cn1nnc2c1cccc2)N(CC1)CC1n1nncc1
O[C@@H](CC(Cn1cncc1)C1)[C@H]1NC(c(cc1)ccc1N(CCC1)C1=O)=O
CC(C)N1CCN(CC#CCOC(CC2)CCN2c2nnc(C)cc2)CC1
O=C(C1CC1)Nc1nccc(C(N(CCOC2)C2C2CC2)=O)c1
Cc1c(C(N(Cc2cc(F)ccc2)C(CC2)CS2(=O)=O)=O)oc(cc2)c1cc2Br
CC(C)(C(NCc(cccc1)c1Cl)=O)C(O)=O
CN(c(cccc1)c1Oc1ccccc1)S(c1cn(C2CCOCC2)nc1)(=O)=O
O=S(c(cc1)ccc1-c(cc1)ccc1Cl)(NCc1ccco1)=O
CCS(N(C1)CC(C2)(CN2S(N(C)C)(=O)=O)C1c1nc(C)no1)(=O)=O
CC(C)(C)n1nc(C(NCCC2(CSC)CC2)=O)c(Br)c1
CN(C(c1ncccc1)=NN1CCNC(Nc(cc(cc2)Cl)c2OC)=O)C1=O
Cn1ncc(S(N(CCC2)CCN2C(c(cccc2)c2SC)=O)(=O)=O)c1
CC(C)(C)SCC(CCCC1)N1C(COC)=O
Fc(cc1)ccc1OCCNc1ncnc(-n2nccc2)c1
CC(C)(C)CN(c(c(C(N1CCC(CNC(c2ncccc2)=O)CC1)=O)ccc1)c1N1)C1=O
Cn(cc1)c2c1cc(C(CNC(c(cccc1)c1Cl)=O)O)cc2
Cc1c(CNC(NCc2cn(C)nc2)=O)sc(C)n1
CC(C)CNC(COc1cccc2ccccc12)=O
COc(cccc1)c1-c1csc(NC(c(sc2c3cccc2)c3Cl)=O)n1
COC(c1cccc(CN(CC2)CCC2N(CC(N2CC(F)(F)F)=O)C2=O)c1)=O
CC(CNC)CNC(c1cc(Nc2nnc(C)cc2)ccc1)=O
CC(CN(C)C(C1OC(C)(C)CC1)=O)c1nnn[nH]1
Cc1noc(C)c1CC(N(CCC1)CC1N(CCN1CCOCC1)C(C1CC1)=O)=O
O=C(C(C1)CC1(F)F)Nc(ccc(Cl)c1)c1F
Cc1c(CN(CCN2CCOCC2)CC(COc(cc2)ccc2Cl)O)cccc1
O=C(CC1NCCc2c[nH]c3c2cccc3)N(CCc2ccccc2)C1=O
CCc1ccc(C(CNC(c2c[nH]nc2-c(c(F)ccc2)c2F)=O)O)cc1
CC(C)(C)c1noc(Cc2c[nH]c3nccc(Cl)c23)n1
O=C(C1CCC1)N(CCC1)c(cc2)c1cc2S(NC1CC1)(=O)=O
Cc(ncc(NC(c1cn(C)nc1-c(cccc1)c1OC)=O)c1)c1Br
CC(C)(Cc1ccc2)Oc1c2OCc(cc1)ccc1C(O)=O
CC(C)(C1)OC2(COCC2)CN1C(c1c[nH]nc1-c1cc(cccc2)c2o1)=O
CC(C)Oc(cc1)ncc1C(NC(C)(C1CC1)C(O)=O)=O
O=C(C(C1)Oc(cc2)c1cc2Br)N(CC1)CC1NC(Nc(cc1)ccc1F)=O
Fc1ccc(C2CN(Cc3c[nH]nc3-c3cscc3)CC2)cc1
Cc1nccn1-c1cc(N(CC2)CCC2C(Nc(cccc2)c2C(OC)=O)=O)ncn1
O=C(CCC1CCNCC1)Nc(cc1)cc(F)c1OC1CCCC1
O=C(c1nccnc1)N(CC(C1)(F)F)[C@@H]1c1nnc(-c2ccccc2)o1
OC(C(N(CC1)Cc2c1[nH]nc2)=O)c1cc(F)cc(F)c1
O=C(c1cc(Br)cnc1)N(CCC1)CCN1C1CCC1
OC([C@@H](CCC1)CN1C(c1ncncc1)=O)=O
Cc1csc2ncnc(NC(c3ccnn3C)c3ccnn3C)c12
Cc(cc1)c(C)cc1S(c(cnc(c1c2)ccc2OC)c1N1CCN(Cc2ccccc2)CC1)(=O)=O
COc1cc(C(C(CC=C2)C2c2cc(F)c3)Nc2c3F)cc(Br)c1OC
CC(C)(C)OC(N(CCC1)C1C(Nc(cc1)ccc1OC)=O)=O
O=C(c1noc(-c(cc2)cc3c2OCCO3)c1)N(Cc1cc(F)ccc1)C(CC1)CS1(=O)=O
N\1(C(c2c(\N=C1)cccc2)=O)CC(N1CC2\C=3\N(C(\C=C/C3)=O)CC(C1)C2)=O
COc1cccc(CCNC(C2NCCOc3c2cccc3)=O)c1
CCCN(C(CC1)Cc2c1cccc2)C(c1c(C)n(-c2ncccc2)nc1)=O
COc(cc1)ccc1N1CC(CNC(Nc(ccc(OC)c2)c2OC)=O)CC1
CN(C(C=C1)=O)N=C1C(N(C1)CC1n1nccn1)=O
OC(CCN(CC1OCCC1)C(c1c[nH]cc1)=O)=O
Cc1c(C(N(CC2)CCC2(CCOC)c2noc(C3CCOCC3)n2)=O)sc(C)n1
CN(CCN(C1)S(c2cc(OC)ccc2)(=O)=O)C1c(cc1)ccc1OC
Cc1c(cc(cn2)C(N3CCCCCC3)=O)c2n[nH]1
Cc1cc(N(CC2)CCN2c2nc(-c3cnccc3)ccn2)nc(C2CC2)n1
OC(C(N1Cc2nccnc2CC1)=O)c1cccc(C(F)(F)F)c1
CC(C)c(cc1)ccc1C(N(C[C@@H]1CO)C[C@@H]1c1ncccc1)=O
CCC(NC(C(N(CC1)C(C)CN1c(cccc1)c1F)=O)c1ccccc1)=O
O=C(Cc(cc1)cc2c1OCO2)N(CC1)CCN1c1cc(C(F)(F)F)ncn1
CNC(CN(CC1)CCN1C(Nc1cnns1)=O)=O
CC(C)CCc1nc(N(CCC2)CCN2C(Nc2cc(C(F)(F)F)ccc2)=O)c(cnn2-c3cccc(Cl)c3)c2n1
CCCCn1c(cccc2)c2nc1CCCNC(C)=O
O=C(c(o1)ccc1Br)N(Cc1ncccc1)c1nc(c(C(F)(F)F)ccc2)c2s1
CC(C)CCNC(C(C)(Cn(c1c2)nc2C(NCCc(cc2)ccc2Cl)=O)N(C)C1=O)=O
O=C(C(C1)CN(C(C2)CN2C(NC2CCCCC2)=O)C1=O)N1CCCC1
Cc1cc(NC(Cn2c(cccc3)c3c(S(Cc(cccc3)c3F)(=O)=O)c2)=O)ncc1
COc(ccc(S(N(CC1)C(C2)C1CN2c1nccc(C(F)(F)F)c1)(=O)=O)c1)c1F
O=C(CCC1=O)N1c(cc1)ccc1S(N(C1)CC1N1CCCC1)(=O)=O
Cc1c(C(NC(CN2CCOCC2)c2ccc(C)cc2)=O)sc(C2CC2)n1
OC(c1ccc(CNC(CCC2CCC2)=O)s1)=O
CN(C(c1cccc(NC(c(cc2)ccc2C(OC)=O)=O)c11)=O)C1=O